// Jest Snapshot v1, https://goo.gl/fbAQLP

exports[`Calculator matches snapshot for new button 1`] = `
<div
  className="calculator"
>
  <h2>
    Lets do some Math!
  </h2>
  <div>
    <div
      className="answer"
    >
      0
    </div>
    <div
      className="operations"
    >
      <button
        onClick={[Function]}
        type="button"
      >
        AC
      </button>
      <button
        onClick={[Function]}
        type="button"
      >
        +/-
      </button>
      <button
        onClick={[Function]}
        type="button"
      >
        %
      </button>
      <button
        className="maths"
        onClick={[Function]}
        type="button"
      >
        รท
      </button>
      <button
        onClick={[Function]}
        type="button"
      >
        7
      </button>
      <button
        onClick={[Function]}
        type="button"
      >
        8
      </button>
      <button
        onClick={[Function]}
        type="button"
      >
        9
      </button>
      <button
        className="maths"
        onClick={[Function]}
        type="button"
      >
        x
      </button>
      <button
        onClick={[Function]}
        type="button"
      >
        4
      </button>
      <button
        onClick={[Function]}
        type="button"
      >
        5
      </button>
      <button
        onClick={[Function]}
        type="button"
      >
        6
      </button>
      <button
        className="maths"
        onClick={[Function]}
        type="button"
      >
        -
      </button>
      <button
        onClick={[Function]}
        type="button"
      >
        1
      </button>
      <button
        onClick={[Function]}
        type="button"
      >
        2
      </button>
      <button
        onClick={[Function]}
        type="button"
      >
        3
      </button>
      <button
        className="maths"
        onClick={[Function]}
        type="button"
      >
        +
      </button>
      <button
        className="zero"
        onClick={[Function]}
        type="button"
      >
        0
      </button>
      <button
        onClick={[Function]}
        type="button"
      >
        .
      </button>
      <button
        className="maths"
        onClick={[Function]}
        type="button"
      >
        =
      </button>
    </div>
  </div>
</div>
`;
